20260615T180156.640+0200      Execution started.
20260615T180156.640+0200      Qlik Sense Server Version     12.2056.16
20260615T180156.640+0200      CPU Target                    x64
20260615T180156.670+0200      Operating System              Microsoft Windows Server 2019 Standard (64 bit edition)
20260615T180156.670+0200      Wow64 mode                    Not using Wow64
20260615T180156.671+0200      Language                      0c0a español Spanish
20260615T180156.672+0200      Country                       ESP España Spain
20260615T180156.672+0200      MDAC Version                  6.3.9600.16384
20260615T180156.672+0200      MDAC Full Install Version     6.3.9600.16384
20260615T180156.672+0200      PreferredCompression          2
20260615T180156.672+0200      EnableParallelReload          1
20260615T180156.672+0200      AutoSaveAfterReload           0
20260615T180156.672+0200      BackupBeforeReload            0
20260615T180156.672+0200      EnableFlushLog                0
20260615T180156.672+0200      UserLogfileCharset            65001
20260615T180156.672+0200      OdbcLoginTimeout              -1
20260615T180156.672+0200      OdbcConnectionTimeout         -1
20260615T180156.672+0200      ConnectorSettingsFile         
20260615T180156.672+0200      LongestPossibleLine           1048576
20260615T180156.672+0200      MaxCoreMask                   -1
20260615T180156.672+0200      WebFileTimeout                0
20260615T180156.672+0200      WebFileUserAgent              Mozilla/5.0
20260615T180156.672+0200      DontUseInternetCache          1
20260615T180156.672+0200      ReloadInstrTraceLevel         0
20260615T180156.672+0200      ConcatCalcTermLen             2147483646
20260615T180156.672+0200      ScriptWantsDbWrite            false
20260615T180156.672+0200      ScriptWantsExe                false
20260615T180156.672+0200      LogFile CodePage Used:        65001
20260615T180156.672+0200      UseMemoryFillPattern          1
20260615T180156.672+0200      ScriptMode                    Standard (limits system access)
20260615T180156.672+0200      SequentialThreadCount         20
20260615T180156.672+0200      NumberOfCores (effective)     6
20260615T180156.672+0200      ReloadCodebase                Bnf
20260615T180156.672+0200      Reload ID                     
20260615T180156.672+0200      Reload Executed By            UserDirectory=INTERNAL; UserId=sa_scheduler
20260615T180156.672+0200      Process Executing             Qlik Sense Server
20260615T180156.672+0200      Process ID                    12988
20260615T180156.672+0200      Grpc version                  30.0.0
20260615T180156.672+0200      Protobuf version              3.15.6
20260615T180156.672+0200      Effective strict level        0
20260615T180156.926+0200 0002 SET ThousandSep='.'
20260615T180156.926+0200 0003 SET DecimalSep=','
20260615T180156.926+0200 0004 SET MoneyThousandSep='.'
20260615T180156.926+0200 0005 SET MoneyDecimalSep=','
20260615T180156.926+0200 0006 SET MoneyFormat='#.##0,00 €;-#.##0,00 €'
20260615T180156.926+0200 0007 SET TimeFormat='h:mm:ss'
20260615T180156.926+0200 0008 SET DateFormat='DD/MM/YYYY'
20260615T180156.926+0200 0009 SET TimestampFormat='DD/MM/YYYY h:mm:ss[.fff]'
20260615T180156.926+0200 0010 SET FirstWeekDay=0
20260615T180156.926+0200 0011 SET BrokenWeeks=0
20260615T180156.926+0200 0012 SET ReferenceDay=4
20260615T180156.926+0200 0013 SET FirstMonthOfYear=1
20260615T180156.926+0200 0014 SET CollationLocale='es-ES'
20260615T180156.926+0200 0015 SET CreateSearchIndexOnReload=0
20260615T180156.926+0200 0016 SET MonthNames='Ene;Feb;Mar;Abr;May;Jun;Jul;Ago;Sep;Oct;Nov;Dic'
20260615T180156.926+0200 0017 SET LongMonthNames='Enero;Febrero;Marzo;Abril;Mayo;Junio;Julio;Agosto;Septiembre;Octubre;Noviembre;Diciembre'
20260615T180156.926+0200 0018 SET DayNames='lun.;mar.;mié.;jue.;vie.;sáb.;dom.'
20260615T180156.926+0200 0019 SET LongDayNames='lunes;martes;miércoles;jueves;viernes;sábado;domingo'
20260615T180156.926+0200 0020 SET NumericalAbbreviation='3:k;6:M;9:G;12:T;15:P;18:E;21:Z;24:Y;-3:m;-6:μ;-9:n;-12:p;-15:f;-18:a;-21:z;-24:y'
20260615T180156.929+0200 0024 LET vRootPath = 'lib://FCC RR RootPath'
20260615T180156.929+0200 0002 LET vPF_Path = 'lib://FCC RR RootPath/7.Import'
20260615T180156.929+0200 0003 LET vQVD_Path_L0 = 'lib://FCC RR RootPath/2.QVD/L0'
20260615T180156.929+0200 0004 LET vQVD_Path_L0_SMI = 'lib://FCC RR RootPath/2.QVD/L0/SMI'
20260615T180156.929+0200 0005 LET vRootPathMaster = 'lib://FCC RRHH Maestros RootPath'
20260615T180156.929+0200 0006 LET vQVD_Path_L1 = 'lib://FCC RR RootPath/2.QVD/L1'
20260615T180156.929+0200 0007 LET vVariables_Path = 'lib://FCC RR RootPath\3.Include\Variables'
20260615T180156.929+0200 0008 LET vFunctions_Path = 'lib://FCC RR RootPath\3.Include\Functions'
20260615T180156.929+0200 0009 LET vConfig_Path = 'lib://FCC RR RootPath\4.Config'
20260615T180156.929+0200 0010 LET vScript_Path = 'lib://FCC RR RootPath\5.Script'
20260615T180156.929+0200 0011 LET vExport_Path = 'lib://FCC RR RootPath\6.Export'
20260615T180156.929+0200 0012 LET vPF_Path_Master = 'lib://FCC RR RootPath\7.Import\Maestros'
20260615T180156.929+0200 0013 LET vQVD_Path_L0_RRHH = 'lib://FCC RRHH RootPath/2.QVD/L0'
20260615T180156.929+0200 0014 LET vQVD_Path_L1_RRHH = 'lib://FCC RRHH RootPath/2.QVD/L1'
20260615T180156.929+0200 0015 LET vQVD_Path_L0_RE = 'lib://FCC RE RootPath/2.QVD/L0'
20260615T180156.929+0200 0016 LET vQVD_Path_L1_RE = 'lib://FCC RE RootPath/2.QVD/L1'
20260615T180156.929+0200 0017 LET vQVD_Path_L1_SMI = 'lib://FCC RR RootPath/2.QVD/L1/SMI_Nomina'
20260615T180156.929+0200 0019 LET vQVD_Path_L0_Maestros_RootPath = 'lib://FCC RRHH Maestros RootPath/2.QVD/L0'
20260615T180156.929+0200 0021 LET vQVD_Path_L1_Maestros_RootPath = 'lib://FCC RRHH Maestros RootPath/2.QVD/L1'
20260615T180156.929+0200 0028 LET vConexion_B4P_BW = 'B4P_SapBw_sapb4p.fcc.intfcc.local (fcc_peperezj)'
20260615T180156.929+0200 0029 LET vConexion_B4P_SQL = 'B4P_SapSql_sapb4p.fcc.intfcc.local (fcc_peperezj)'
20260615T180156.938+0200 0003 LET vYear = Year(AddMonths(Today(), - 30))
20260615T180156.939+0200 0003 LET vFechaCorte = Floor(MakeDate(2023,1,1))
20260615T180156.939+0200 0004 LET vPartialReload = 0
20260615T180156.939+0200 0005 LET vYearsToLoad = 1
20260615T180156.939+0200 0008 L0_EXCEL_M_Prevision_MEI_Solidaridad:
20260615T180156.939+0200 0009 LOAD
20260615T180156.939+0200 0010     Año,
20260615T180156.939+0200 0011     "Tipo cotización % Tramo 1",
20260615T180156.939+0200 0012     "Tipo cotización % Tramo 2",
20260615T180156.939+0200 0013     "Tipo cotización % Tramo 3",
20260615T180156.939+0200 0014     "Base Maxima",
20260615T180156.939+0200 0015     "Base Maxima Mensual",
20260615T180156.939+0200 0016     "Tope Maximo Prevision Mensual"
20260615T180156.939+0200 0017 FROM 'lib://FCC RR RootPath\7.Import\Maestros\Previsión MEI y Cuota Solidaridad.xlsx'
20260615T180156.939+0200 0018 (ooxml, embedded labels, table is [Base Maxima])
20260615T180156.949+0200      	7 fields found: Año, Tipo cotización % Tramo 1, Tipo cotización % Tramo 2, Tipo cotización % Tramo 3, Base Maxima, Base Maxima Mensual, Tope Maximo Prevision Mensual, 
20260615T180156.949+0200      24 lines fetched
20260615T180156.950+0200 0021 STORE L0_EXCEL_M_Prevision_MEI_Solidaridad INTO 'lib://FCC RR RootPath/2.QVD/L0\L0_EXCEL_M_Prevision_MEI_Solidaridad.qvd' (qvd)
20260615T180156.959+0200 0023 DROP TABLE L0_EXCEL_M_Prevision_MEI_Solidaridad
20260615T180156.959+0200 0026 IF 0 = 1 THEN
  20260615T180156.959+0200 0030 LET vYear = Year(44927)
  20260615T180156.960+0200 0031 LET vYearEnd = Year(AddMonths(Today(), -1))
  20260615T180156.960+0200 0032 END IF
20260615T180156.960+0200 0036 DO WHILE vYear <= vYearEnd
  20260615T180156.960+0200 0038 TRACE Transformación de año 2023
  20260615T180156.960+0200 0038 Transformación de año 2023
  20260615T180156.960+0200 0039 
  20260615T180156.960+0200 0041 L0_SAP_Dias_Activos_SS_2023:
  20260615T180156.960+0200 0042     LOAD
  20260615T180156.960+0200 0043         vYearMonth,
  20260615T180156.960+0200 0044         "0EMPLOYEE",
  20260615T180156.960+0200 0045         
  20260615T180156.960+0200 0046         
  20260615T180156.960+0200 0047         SUM("0RTNUM") AS [Días activos en SS]
  20260615T180156.960+0200 0048 
  20260615T180156.960+0200 0049         FROM [lib://FCC RR RootPath/2.QVD/L0/MEI/Cluster_MEI_DiasActivos_2023??.qvd](qvd)
  20260615T180156.960+0200 0050     WHERE 
  20260615T180156.960+0200 0051         vYearMonth = ZHR_FPPER 
  20260615T180156.960+0200 0052     AND
  20260615T180156.960+0200 0053         vYearMonth = ZHR_INPER
  20260615T180156.960+0200 0054     GROUP BY vYearMonth, "0EMPLOYEE"
  20260615T180157.607+0200      	3 fields found: vYearMonth, 0EMPLOYEE, Días activos en SS, 
  20260615T180157.652+0200      46.978 lines fetched
  20260615T180157.665+0200 0041 L0_SAP_Dias_Activos_SS_2023:
  20260615T180157.665+0200 0042     LOAD
  20260615T180157.665+0200 0043         vYearMonth,
  20260615T180157.665+0200 0044         "0EMPLOYEE",
  20260615T180157.665+0200 0045         
  20260615T180157.665+0200 0046         
  20260615T180157.665+0200 0047         SUM("0RTNUM") AS [Días activos en SS]
  20260615T180157.665+0200 0048 
  20260615T180157.665+0200 0049         FROM [lib://FCC RR RootPath/2.QVD/L0/MEI/Cluster_MEI_DiasActivos_2023??.qvd](qvd)
  20260615T180157.665+0200 0050     WHERE 
  20260615T180157.665+0200 0051         vYearMonth = ZHR_FPPER 
  20260615T180157.665+0200 0052     AND
  20260615T180157.665+0200 0053         vYearMonth = ZHR_INPER
  20260615T180157.665+0200 0054     GROUP BY vYearMonth, "0EMPLOYEE"
  20260615T180158.255+0200      	3 fields found: vYearMonth, 0EMPLOYEE, Días activos en SS, 
  20260615T180158.295+0200      93.609 lines fetched
  20260615T180158.308+0200 0041 L0_SAP_Dias_Activos_SS_2023:
  20260615T180158.308+0200 0042     LOAD
  20260615T180158.308+0200 0043         vYearMonth,
  20260615T180158.308+0200 0044         "0EMPLOYEE",
  20260615T180158.308+0200 0045         
  20260615T180158.308+0200 0046         
  20260615T180158.308+0200 0047         SUM("0RTNUM") AS [Días activos en SS]
  20260615T180158.308+0200 0048 
  20260615T180158.308+0200 0049         FROM [lib://FCC RR RootPath/2.QVD/L0/MEI/Cluster_MEI_DiasActivos_2023??.qvd](qvd)
  20260615T180158.308+0200 0050     WHERE 
  20260615T180158.308+0200 0051         vYearMonth = ZHR_FPPER 
  20260615T180158.308+0200 0052     AND
  20260615T180158.308+0200 0053         vYearMonth = ZHR_INPER
  20260615T180158.308+0200 0054     GROUP BY vYearMonth, "0EMPLOYEE"
  20260615T180158.842+0200      	3 fields found: vYearMonth, 0EMPLOYEE, Días activos en SS, 
  20260615T180158.881+0200      140.632 lines fetched
  20260615T180158.895+0200 0041 L0_SAP_Dias_Activos_SS_2023:
  20260615T180158.895+0200 0042     LOAD
  20260615T180158.895+0200 0043         vYearMonth,
  20260615T180158.895+0200 0044         "0EMPLOYEE",
  20260615T180158.895+0200 0045         
  20260615T180158.895+0200 0046         
  20260615T180158.895+0200 0047         SUM("0RTNUM") AS [Días activos en SS]
  20260615T180158.895+0200 0048 
  20260615T180158.895+0200 0049         FROM [lib://FCC RR RootPath/2.QVD/L0/MEI/Cluster_MEI_DiasActivos_2023??.qvd](qvd)
  20260615T180158.895+0200 0050     WHERE 
  20260615T180158.895+0200 0051         vYearMonth = ZHR_FPPER 
  20260615T180158.895+0200 0052     AND
  20260615T180158.895+0200 0053         vYearMonth = ZHR_INPER
  20260615T180158.895+0200 0054     GROUP BY vYearMonth, "0EMPLOYEE"
  20260615T180159.770+0200      	3 fields found: vYearMonth, 0EMPLOYEE, Días activos en SS, 
  20260615T180159.831+0200      187.902 lines fetched
  20260615T180159.843+0200 0041 L0_SAP_Dias_Activos_SS_2023:
  20260615T180159.843+0200 0042     LOAD
  20260615T180159.843+0200 0043         vYearMonth,
  20260615T180159.843+0200 0044         "0EMPLOYEE",
  20260615T180159.843+0200 0045         
  20260615T180159.843+0200 0046         
  20260615T180159.843+0200 0047         SUM("0RTNUM") AS [Días activos en SS]
  20260615T180159.843+0200 0048 
  20260615T180159.843+0200 0049         FROM [lib://FCC RR RootPath/2.QVD/L0/MEI/Cluster_MEI_DiasActivos_2023??.qvd](qvd)
  20260615T180159.843+0200 0050     WHERE 
  20260615T180159.844+0200 0051         vYearMonth = ZHR_FPPER 
  20260615T180159.844+0200 0052     AND
  20260615T180159.844+0200 0053         vYearMonth = ZHR_INPER
  20260615T180159.844+0200 0054     GROUP BY vYearMonth, "0EMPLOYEE"
  20260615T180200.295+0200      	3 fields found: vYearMonth, 0EMPLOYEE, Días activos en SS, 
  20260615T180200.334+0200      235.323 lines fetched
  20260615T180200.347+0200 0041 L0_SAP_Dias_Activos_SS_2023:
  20260615T180200.347+0200 0042     LOAD
  20260615T180200.347+0200 0043         vYearMonth,
  20260615T180200.347+0200 0044         "0EMPLOYEE",
  20260615T180200.347+0200 0045         
  20260615T180200.347+0200 0046         
  20260615T180200.347+0200 0047         SUM("0RTNUM") AS [Días activos en SS]
  20260615T180200.347+0200 0048 
  20260615T180200.347+0200 0049         FROM [lib://FCC RR RootPath/2.QVD/L0/MEI/Cluster_MEI_DiasActivos_2023??.qvd](qvd)
  20260615T180200.347+0200 0050     WHERE 
  20260615T180200.347+0200 0051         vYearMonth = ZHR_FPPER 
  20260615T180200.347+0200 0052     AND
  20260615T180200.347+0200 0053         vYearMonth = ZHR_INPER
  20260615T180200.347+0200 0054     GROUP BY vYearMonth, "0EMPLOYEE"
  20260615T180200.795+0200      	3 fields found: vYearMonth, 0EMPLOYEE, Días activos en SS, 
  20260615T180200.838+0200      283.855 lines fetched
  20260615T180200.852+0200 0041 L0_SAP_Dias_Activos_SS_2023:
  20260615T180200.852+0200 0042     LOAD
  20260615T180200.852+0200 0043         vYearMonth,
  20260615T180200.852+0200 0044         "0EMPLOYEE",
  20260615T180200.852+0200 0045         
  20260615T180200.852+0200 0046         
  20260615T180200.852+0200 0047         SUM("0RTNUM") AS [Días activos en SS]
  20260615T180200.852+0200 0048 
  20260615T180200.852+0200 0049         FROM [lib://FCC RR RootPath/2.QVD/L0/MEI/Cluster_MEI_DiasActivos_2023??.qvd](qvd)
  20260615T180200.852+0200 0050     WHERE 
  20260615T180200.852+0200 0051         vYearMonth = ZHR_FPPER 
  20260615T180200.852+0200 0052     AND
  20260615T180200.852+0200 0053         vYearMonth = ZHR_INPER
  20260615T180200.852+0200 0054     GROUP BY vYearMonth, "0EMPLOYEE"
  20260615T180201.296+0200      	3 fields found: vYearMonth, 0EMPLOYEE, Días activos en SS, 
  20260615T180201.338+0200      334.157 lines fetched
  20260615T180201.352+0200 0041 L0_SAP_Dias_Activos_SS_2023:
  20260615T180201.352+0200 0042     LOAD
  20260615T180201.352+0200 0043         vYearMonth,
  20260615T180201.352+0200 0044         "0EMPLOYEE",
  20260615T180201.352+0200 0045         
  20260615T180201.352+0200 0046         
  20260615T180201.352+0200 0047         SUM("0RTNUM") AS [Días activos en SS]
  20260615T180201.352+0200 0048 
  20260615T180201.352+0200 0049         FROM [lib://FCC RR RootPath/2.QVD/L0/MEI/Cluster_MEI_DiasActivos_2023??.qvd](qvd)
  20260615T180201.352+0200 0050     WHERE 
  20260615T180201.352+0200 0051         vYearMonth = ZHR_FPPER 
  20260615T180201.352+0200 0052     AND
  20260615T180201.352+0200 0053         vYearMonth = ZHR_INPER
  20260615T180201.352+0200 0054     GROUP BY vYearMonth, "0EMPLOYEE"
  20260615T180201.713+0200      	3 fields found: vYearMonth, 0EMPLOYEE, Días activos en SS, 
  20260615T180201.755+0200      384.589 lines fetched
  20260615T180201.785+0200 0041 L0_SAP_Dias_Activos_SS_2023:
  20260615T180201.785+0200 0042     LOAD
  20260615T180201.785+0200 0043         vYearMonth,
  20260615T180201.785+0200 0044         "0EMPLOYEE",
  20260615T180201.785+0200 0045         
  20260615T180201.785+0200 0046         
  20260615T180201.785+0200 0047         SUM("0RTNUM") AS [Días activos en SS]
  20260615T180201.785+0200 0048 
  20260615T180201.785+0200 0049         FROM [lib://FCC RR RootPath/2.QVD/L0/MEI/Cluster_MEI_DiasActivos_2023??.qvd](qvd)
  20260615T180201.785+0200 0050     WHERE 
  20260615T180201.785+0200 0051         vYearMonth = ZHR_FPPER 
  20260615T180201.785+0200 0052     AND
  20260615T180201.785+0200 0053         vYearMonth = ZHR_INPER
  20260615T180201.785+0200 0054     GROUP BY vYearMonth, "0EMPLOYEE"
  20260615T180202.186+0200      	3 fields found: vYearMonth, 0EMPLOYEE, Días activos en SS, 
  20260615T180202.231+0200      435.299 lines fetched
  20260615T180202.245+0200 0041 L0_SAP_Dias_Activos_SS_2023:
  20260615T180202.245+0200 0042     LOAD
  20260615T180202.245+0200 0043         vYearMonth,
  20260615T180202.245+0200 0044         "0EMPLOYEE",
  20260615T180202.245+0200 0045         
  20260615T180202.246+0200 0046         
  20260615T180202.246+0200 0047         SUM("0RTNUM") AS [Días activos en SS]
  20260615T180202.246+0200 0048 
  20260615T180202.246+0200 0049         FROM [lib://FCC RR RootPath/2.QVD/L0/MEI/Cluster_MEI_DiasActivos_2023??.qvd](qvd)
  20260615T180202.246+0200 0050     WHERE 
  20260615T180202.246+0200 0051         vYearMonth = ZHR_FPPER 
  20260615T180202.246+0200 0052     AND
  20260615T180202.246+0200 0053         vYearMonth = ZHR_INPER
  20260615T180202.246+0200 0054     GROUP BY vYearMonth, "0EMPLOYEE"
  20260615T180202.667+0200      	3 fields found: vYearMonth, 0EMPLOYEE, Días activos en SS, 
  20260615T180202.708+0200      484.275 lines fetched
  20260615T180202.721+0200 0041 L0_SAP_Dias_Activos_SS_2023:
  20260615T180202.721+0200 0042     LOAD
  20260615T180202.721+0200 0043         vYearMonth,
  20260615T180202.721+0200 0044         "0EMPLOYEE",
  20260615T180202.721+0200 0045         
  20260615T180202.721+0200 0046         
  20260615T180202.721+0200 0047         SUM("0RTNUM") AS [Días activos en SS]
  20260615T180202.721+0200 0048 
  20260615T180202.721+0200 0049         FROM [lib://FCC RR RootPath/2.QVD/L0/MEI/Cluster_MEI_DiasActivos_2023??.qvd](qvd)
  20260615T180202.721+0200 0050     WHERE 
  20260615T180202.721+0200 0051         vYearMonth = ZHR_FPPER 
  20260615T180202.721+0200 0052     AND
  20260615T180202.721+0200 0053         vYearMonth = ZHR_INPER
  20260615T180202.721+0200 0054     GROUP BY vYearMonth, "0EMPLOYEE"
  20260615T180203.214+0200      	3 fields found: vYearMonth, 0EMPLOYEE, Días activos en SS, 
  20260615T180203.255+0200      532.562 lines fetched
  20260615T180203.270+0200 0041 L0_SAP_Dias_Activos_SS_2023:
  20260615T180203.270+0200 0042     LOAD
  20260615T180203.270+0200 0043         vYearMonth,
  20260615T180203.270+0200 0044         "0EMPLOYEE",
  20260615T180203.270+0200 0045         
  20260615T180203.270+0200 0046         
  20260615T180203.270+0200 0047         SUM("0RTNUM") AS [Días activos en SS]
  20260615T180203.270+0200 0048 
  20260615T180203.270+0200 0049         FROM [lib://FCC RR RootPath/2.QVD/L0/MEI/Cluster_MEI_DiasActivos_2023??.qvd](qvd)
  20260615T180203.270+0200 0050     WHERE 
  20260615T180203.270+0200 0051         vYearMonth = ZHR_FPPER 
  20260615T180203.270+0200 0052     AND
  20260615T180203.270+0200 0053         vYearMonth = ZHR_INPER
  20260615T180203.270+0200 0054     GROUP BY vYearMonth, "0EMPLOYEE"
  20260615T180203.749+0200      	3 fields found: vYearMonth, 0EMPLOYEE, Días activos en SS, 
  20260615T180203.789+0200      580.771 lines fetched
  20260615T180203.804+0200 0057 STORE L0_SAP_Dias_Activos_SS_2023 INTO 'lib://FCC RR RootPath/2.QVD/L0\MEI\L0_SAP_Dias_Activos_SS_2023' (qvd)
  20260615T180203.852+0200 0059 DROP TABLE L0_SAP_Dias_Activos_SS_2023
  20260615T180203.853+0200 0062 Map_Dias_Activos_SS_2023:
  20260615T180203.853+0200 0063     MAPPING
  20260615T180203.853+0200 0064     LOAD
  20260615T180203.853+0200 0065         "0EMPLOYEE" &'_' & vYearMonth,
  20260615T180203.853+0200 0066         "Días activos en SS"
  20260615T180203.853+0200 0067     FROM 'lib://FCC RR RootPath/2.QVD/L0\MEI\L0_SAP_Dias_Activos_SS_2023' (qvd)
  20260615T180203.869+0200      	2 fields found: "0EMPLOYEE" &'_' & vYearMonth, Días activos en SS, 
  20260615T180206.004+0200      580.771 lines fetched
  20260615T180206.006+0200 0070 CNAE:
  20260615T180206.006+0200 0071     LOAD Distinct
  20260615T180206.006+0200 0072         "Actividad Económica",
  20260615T180206.006+0200 0073         SubStringCount("Actividad Económica",'X') AS NumeroX,
  20260615T180206.006+0200 0074         [Tipo cotiz.p/IT], 
  20260615T180206.006+0200 0075         [Tipo cotiz. p/IMS]
  20260615T180206.006+0200 0076     FROM 'lib://FCC RR RootPath/2.QVD/L0\L0_EXCEL_M_CNAE.qvd' (qvd)
  20260615T180206.014+0200      	4 fields found: Actividad Económica, NumeroX, Tipo cotiz.p/IT, Tipo cotiz. p/IMS, 
  20260615T180206.229+0200      153 lines fetched
  20260615T180206.245+0200 0078 CNAE1:
  20260615T180206.245+0200 0079     MAPPING LOAD Distinct
  20260615T180206.245+0200 0080         Mid("Actividad Económica",1,Len("Actividad Económica")-NumeroX) 	AS Actividad,
  20260615T180206.245+0200 0081         [Tipo cotiz.p/IT]&'_'&[Tipo cotiz. p/IMS]							AS Map 
  20260615T180206.245+0200 0082     RESIDENT CNAE
  20260615T180206.245+0200 0083     where NumeroX=1
  20260615T180206.245+0200      	2 fields found: Actividad, Map, 
  20260615T180206.245+0200      1 lines fetched
  20260615T180206.246+0200 0085 CNAE2:
  20260615T180206.246+0200 0086     MAPPING LOAD Distinct
  20260615T180206.246+0200 0087         Mid("Actividad Económica",1,Len("Actividad Económica")-NumeroX) 	AS Actividad,
  20260615T180206.246+0200 0088         [Tipo cotiz.p/IT]&'_'&[Tipo cotiz. p/IMS]							AS Map 
  20260615T180206.246+0200 0089     RESIDENT CNAE
  20260615T180206.246+0200 0090     where NumeroX=2
  20260615T180206.246+0200      	2 fields found: Actividad, Map, 
  20260615T180206.246+0200      1 lines fetched
  20260615T180206.246+0200 0092 CNAE3:
  20260615T180206.246+0200 0093     MAPPING LOAD Distinct
  20260615T180206.246+0200 0094         Mid("Actividad Económica",1,Len("Actividad Económica")-NumeroX) 	AS Actividad,
  20260615T180206.246+0200 0095         [Tipo cotiz.p/IT]&'_'&[Tipo cotiz. p/IMS]							AS Map   
  20260615T180206.246+0200 0096     RESIDENT CNAE
  20260615T180206.246+0200 0097     where NumeroX=3
  20260615T180206.246+0200      	2 fields found: Actividad, Map, 
  20260615T180206.247+0200      1 lines fetched
  20260615T180206.247+0200 0098 DROP TABLE CNAE
  20260615T180206.247+0200 0112 Map_MEI:
  20260615T180206.247+0200 0113     Mapping LOAD distinct
  20260615T180206.247+0200 0114         Año, 
  20260615T180206.247+0200 0115         MEI
  20260615T180206.247+0200 0116     FROM 'lib://FCC RR RootPath/2.QVD/L0\L0_EXCEL_M_MEI.qvd' (qvd)
  20260615T180206.250+0200      	2 fields found: Año, MEI, 
  20260615T180206.251+0200      1 lines fetched
  20260615T180206.251+0200 0120 Crosstable (Tramo, Porcentaje, 1) 
  20260615T180206.251+0200 0121     Base_Maxima:
  20260615T180206.251+0200 0122     LOAD 
  20260615T180206.251+0200 0123         Año, 
  20260615T180206.251+0200 0124         [Tramo 1],
  20260615T180206.251+0200 0125         [Tramo 2],
  20260615T180206.251+0200 0126         [Tramo 3]   
  20260615T180206.251+0200 0127     FROM 'lib://FCC RR RootPath/2.QVD/L0\L0_EXCEL_M_BaseMaxima.qvd' (qvd)
  20260615T180206.254+0200      	4 fields found: Año, Tramo 1, Tramo 2, Tramo 3, 
  20260615T180206.254+0200      	3 fields found: Año, Tramo, Porcentaje, 
  20260615T180206.254+0200      72 lines fetched
  20260615T180206.254+0200      24 lines fetched
  20260615T180206.255+0200 0129 MAP_Base_Maxima:
  20260615T180206.255+0200 0130     Mapping LOAD Distinct
  20260615T180206.255+0200 0131         Año&'_'&Tramo           as Key,
  20260615T180206.255+0200 0132         Porcentaje              as Map
  20260615T180206.255+0200 0133     Resident Base_Maxima
  20260615T180206.255+0200      	2 fields found: Key, Map, 
  20260615T180206.255+0200      1 lines fetched
  20260615T180206.256+0200 0134 DROP TABLE Base_Maxima
  20260615T180206.256+0200 0136 MEI_Tramo:
  20260615T180206.256+0200 0137     Load distinct
  20260615T180206.256+0200 0138         [ID Empleado],
  20260615T180206.256+0200 0139         Año,
  20260615T180206.256+0200 0140         Amount
  20260615T180206.256+0200 0141     FROM 'lib://FCC RR RootPath/2.QVD/L1\L1_QVD_T_ClusterMEITemp_2023.qvd' (qvd)
  20260615T180206.256+0200 0142     WHERE CotizacionesMEI='Base Teorica'
  20260615T180206.263+0200      	3 fields found: ID Empleado, Año, Amount, 
  20260615T180209.256+0200      840.305 lines fetched
  20260615T180209.260+0200 0144 Map_Año_Base_Maxima:
  20260615T180209.260+0200 0145     Mapping LOAD distinct
  20260615T180209.260+0200 0146         Año,
  20260615T180209.260+0200 0147         [Base Maxima]  
  20260615T180209.260+0200 0148     FROM 'lib://FCC RR RootPath/2.QVD/L0\L0_EXCEL_M_BaseMaxima.qvd' (qvd)
  20260615T180209.262+0200      	2 fields found: Año, Base Maxima, 
  20260615T180209.263+0200      1 lines fetched
  20260615T180209.263+0200 0153 Map_Base_Maxima_Mensual:
  20260615T180209.263+0200 0154     MAPPING LOAD
  20260615T180209.263+0200 0155         Año,
  20260615T180209.263+0200 0156         [Base Maxima] * 365/(12 *31) 		as [Base Máxima Mensual]  
  20260615T180209.263+0200 0157     FROM 'lib://FCC RR RootPath/2.QVD/L0\L0_EXCEL_M_BaseMaxima.qvd' (qvd)
  20260615T180209.263+0200 0158     WHERE [Base Maxima] <> null()
  20260615T180209.265+0200      	2 fields found: Año, Base Máxima Mensual, 
  20260615T180209.265+0200      5 lines fetched
  20260615T180209.266+0200 0160 Empleados_Cotizacion_Mensual:
  20260615T180209.266+0200 0161 	LOAD 
  20260615T180209.266+0200 0162     	CotizacionesMEI,
  20260615T180209.266+0200 0163     	[ID Empleado] & '_' & [Año] & Num(Month(	Subfield([%PK_OU], '_', 1)), '00') AS %PK_Dias_ActivosSS,
  20260615T180209.266+0200 0164         [ID Empleado] & '_' & subfield(%PK_OU, '_', 1)			   			   	 AS %PK_Empleado_Mes,
  20260615T180209.266+0200 0165         sum(Amount)																 AS Amount
  20260615T180209.266+0200 0166         FROM 'lib://FCC RR RootPath/2.QVD/L1\L1_QVD_T_ClusterMEITemp_2023.qvd' (qvd) 
  20260615T180209.266+0200 0167     Where En=Para
  20260615T180209.266+0200 0168     GROUP BY CotizacionesMEI, [ID Empleado] & '_' & subfield(%PK_OU, '_', 1), [ID Empleado] & '_' & [Año] & Num(Month(	Subfield([%PK_OU], '_', 1)), '00')
  20260615T180306.637+0200      	4 fields found: CotizacionesMEI, %PK_Dias_ActivosSS, %PK_Empleado_Mes, Amount, 
  20260615T180317.795+0200      2.515.218 lines fetched
  20260615T180318.431+0200 0171 Empleados_Base_Maxima_Mensual:
  20260615T180318.431+0200 0172     LOAD 
  20260615T180318.431+0200 0173     	%PK_Empleado_Mes,
  20260615T180318.431+0200 0174         CotizacionesMEI,
  20260615T180318.431+0200 0175         Amount * 365 / ApplyMap('Map_Dias_Activos_SS_2023', %PK_Dias_ActivosSS, null()) 			AS Cotizacion_Anualizada,
  20260615T180318.431+0200 0176         if(Amount * 365 / ApplyMap('Map_Dias_Activos_SS_2023', %PK_Dias_ActivosSS, null()) >= 
  20260615T180318.431+0200 0177         				ApplyMap('Map_Base_Maxima_Mensual', 2023, 'Sin base maxima mensual'), 1, 0) AS Flag_Base_Maxima
  20260615T180318.431+0200 0178     RESIDENT Empleados_Cotizacion_Mensual
  20260615T180318.431+0200      	4 fields found: %PK_Empleado_Mes, CotizacionesMEI, Cotizacion_Anualizada, Flag_Base_Maxima, 
  20260615T180319.746+0200      2.515.218 lines fetched
  20260615T180319.758+0200 0180 DROP TABLE Empleados_Cotizacion_Mensual
  20260615T180319.774+0200 0183 Map_Empleados_Base_Maxima_Mensual:
  20260615T180319.774+0200 0184     MAPPING LOAD DISTINCT 
  20260615T180319.774+0200 0185         %PK_Empleado_Mes,
  20260615T180319.774+0200 0186         1																	AS Flag_Base_Maxima_Mensual	
  20260615T180319.774+0200 0187     RESIDENT Empleados_Base_Maxima_Mensual
  20260615T180319.774+0200 0188     WHERE Flag_Base_Maxima = '1' AND CotizacionesMEI = 'Cotización Común'
  20260615T180319.774+0200      	2 fields found: %PK_Empleado_Mes, Flag_Base_Maxima_Mensual, 
  20260615T180321.727+0200      1 lines fetched
  20260615T180321.727+0200 0191 Map_Empleados_Base_Maxima_Mensual_Conting_Prof:
  20260615T180321.727+0200 0192     MAPPING LOAD DISTINCT 
  20260615T180321.727+0200 0193         %PK_Empleado_Mes,
  20260615T180321.727+0200 0194         1																	AS Flag_Base_Maxima_Mensual	
  20260615T180321.727+0200 0195     RESIDENT Empleados_Base_Maxima_Mensual
  20260615T180321.727+0200 0196     WHERE Flag_Base_Maxima = '1' AND CotizacionesMEI = 'Cotización Profesional'
  20260615T180321.727+0200      	2 fields found: %PK_Empleado_Mes, Flag_Base_Maxima_Mensual, 
  20260615T180323.691+0200      1 lines fetched
  20260615T180323.691+0200 0198 Map_Empleados_Base_Maxima_Mensual_Aport_Serv_Comunes:
  20260615T180323.691+0200 0199     MAPPING LOAD DISTINCT 
  20260615T180323.691+0200 0200         %PK_Empleado_Mes,
  20260615T180323.691+0200 0201         1																	AS Flag_Base_Maxima_Mensual	
  20260615T180323.691+0200 0202     RESIDENT Empleados_Base_Maxima_Mensual
  20260615T180323.691+0200 0203     WHERE Flag_Base_Maxima = '1' AND CotizacionesMEI = 'Aportación Servicios Comunes'
  20260615T180323.691+0200      	2 fields found: %PK_Empleado_Mes, Flag_Base_Maxima_Mensual, 
  20260615T180325.601+0200      0 lines fetched
  20260615T180325.602+0200 0205 Map_Empleados_Base_Maxima_Mensual_Base_Teorica:
  20260615T180325.602+0200 0206     MAPPING LOAD DISTINCT 
  20260615T180325.602+0200 0207         %PK_Empleado_Mes,
  20260615T180325.602+0200 0208         1																	AS Flag_Base_Maxima_Mensual	
  20260615T180325.602+0200 0209     RESIDENT Empleados_Base_Maxima_Mensual
  20260615T180325.602+0200 0210     WHERE Flag_Base_Maxima = '1' AND CotizacionesMEI = 'Base Teorica'
  20260615T180325.602+0200      	2 fields found: %PK_Empleado_Mes, Flag_Base_Maxima_Mensual, 
  20260615T180327.562+0200      1 lines fetched
  20260615T180327.562+0200 0213 DROP TABLE Empleados_Base_Maxima_Mensual
  20260615T180327.566+0200 0218 Map_Solidaridad_Tramo:
  20260615T180327.566+0200 0219     MAPPING LOAD DISTINCT
  20260615T180327.566+0200 0220         Año&'_'&[ID Empleado]                                                                        AS Key,
  20260615T180327.566+0200 0221         IF(Sum(Amount)<(ApplyMap('Map_Año_Base_Maxima',Año)*1.1),'Tramo 1',
  20260615T180327.566+0200 0222             IF(Sum(Amount)>=(ApplyMap('Map_Año_Base_Maxima',Año)*1.1) AND Sum(Amount)<(ApplyMap('Map_Año_Base_Maxima',Año)*1.5),'Tramo 2','Tramo 3')) AS Tramo
  20260615T180327.566+0200 0223     RESIDENT MEI_Tramo
  20260615T180327.566+0200 0224     GROUP BY Año,[ID Empleado]
  20260615T180329.140+0200      	2 fields found: Key, Tramo, 
  20260615T180329.299+0200      1 lines fetched
  20260615T180329.324+0200 0225 DROP TABLE MEI_Tramo
  20260615T180329.326+0200 0228 Map_Ocupacion_IT_IMS:
  20260615T180329.326+0200 0229     mapping LOAD 
  20260615T180329.326+0200 0230         Ocupacion      AS Key, 
  20260615T180329.326+0200 0231         IT&'_'&IMS     AS Map
  20260615T180329.326+0200 0232     FROM 'lib://FCC RR RootPath/2.QVD/L0\L0_EXCEL_M_Ocupacion.qvd' (qvd)
  20260615T180329.333+0200      	2 fields found: Key, Map, 
  20260615T180329.333+0200      7 lines fetched
  20260615T180329.334+0200 0234 Map_AportacionesComunes:
  20260615T180329.334+0200 0235     mapping LOAD distinct
  20260615T180329.334+0200 0236         [ID Empleado]&'_'&Año   as Key,
  20260615T180329.334+0200 0237         1                       as Map
  20260615T180329.334+0200 0238     FROM 'lib://FCC RR RootPath/2.QVD/L1\L1_QVD_T_ClusterMEITemp_2023.qvd' (qvd)
  20260615T180329.334+0200 0239     WHERE CotizacionesMEI='Aportación Servicios Comunes' AND Amount>0
  20260615T180329.348+0200      	2 fields found: Key, Map, 
  20260615T180354.497+0200      1 lines fetched
  20260615T180354.503+0200 0242 Map_AportacionesComunes_Mes:
  20260615T180354.503+0200 0243     mapping LOAD distinct
  20260615T180354.503+0200 0244         [ID Empleado]&'_'&En   as Key,
  20260615T180354.504+0200 0245         1                       as Map
  20260615T180354.504+0200 0246     FROM 'lib://FCC RR RootPath/2.QVD/L1\L1_QVD_T_ClusterMEITemp_2023.qvd' (qvd)
  20260615T180354.504+0200 0247     WHERE CotizacionesMEI='Aportación Servicios Comunes' AND Amount>0
  20260615T180354.518+0200      	2 fields found: Key, Map, 
  20260615T180419.794+0200      1 lines fetched
  20260615T180419.801+0200 0250 EmpleadosPositivos:
  20260615T180419.801+0200 0251     LOAD distinct
  20260615T180419.801+0200 0252         [ID Empleado],
  20260615T180419.801+0200 0253         Año,
  20260615T180419.801+0200 0254         Sum(Amount)                       as Amount
  20260615T180419.801+0200 0255     FROM 'lib://FCC RR RootPath/2.QVD/L1\L1_QVD_T_ClusterMEITemp_2023.qvd' (qvd)
  20260615T180419.801+0200 0256     WHERE CotizacionesMEI='Cotización Común'
  20260615T180419.801+0200 0257     GROUP BY [ID Empleado],Año
  20260615T180445.689+0200      	3 fields found: ID Empleado, Año, Amount, 
  20260615T180445.751+0200      58.140 lines fetched
  20260615T180445.772+0200 0259 Map_EmpleadosPositivos:
  20260615T180445.772+0200 0260     mapping LOAD distinct
  20260615T180445.772+0200 0261         [ID Empleado]&'_'&Año   as Key,
  20260615T180445.772+0200 0262         1                       as Map
  20260615T180445.772+0200 0263     RESIDENT EmpleadosPositivos
  20260615T180445.772+0200 0264     WHERE Amount>0
  20260615T180445.772+0200      	2 fields found: Key, Map, 
  20260615T180445.978+0200      1 lines fetched
  20260615T180445.979+0200 0265 DROP TABLE EmpleadosPositivos
  20260615T180445.979+0200 0267 EmpleadoxCuotaDesempleo:
  20260615T180445.979+0200 0268     LOAD distinct
  20260615T180445.979+0200 0269         [ID Empleado] ,
  20260615T180445.979+0200 0270         [% Cuota de Desempleo tmp],
  20260615T180445.979+0200 0271         Subfield(%PK_VP,'_',1) as Fecha
  20260615T180445.979+0200 0272     FROM 'lib://FCC RR RootPath/2.QVD/L1\L1_QVD_T_ClusterMEITemp_2023.qvd' (qvd)
  20260615T180445.993+0200      	3 fields found: ID Empleado, % Cuota de Desempleo tmp, Fecha, 
  20260615T180449.216+0200      587.454 lines fetched
  20260615T180449.228+0200 0274 Mapping_CuotaDesempleo:
  20260615T180449.228+0200 0275     Mapping load distinct
  20260615T180449.228+0200 0276         [ID Empleado],
  20260615T180449.228+0200 0277         [% Cuota de Desempleo tmp]
  20260615T180449.228+0200 0278     RESIDENT EmpleadoxCuotaDesempleo
  20260615T180449.228+0200 0279     ORDER BY Fecha DESC
  20260615T180449.319+0200      	2 fields found: ID Empleado, % Cuota de Desempleo tmp, 
  20260615T180449.899+0200      1 lines fetched
  20260615T180449.900+0200 0280 drop table EmpleadoxCuotaDesempleo
  20260615T180449.902+0200 0284 EmpleadoxCNAE_UltSituacion:
  20260615T180449.902+0200 0285     LOAD distinct
  20260615T180449.902+0200 0286         [ID Empleado] ,
  20260615T180449.902+0200 0287         [CNAE],
  20260615T180449.902+0200 0288         Subfield(%PK_VP,'_',1) as Fecha
  20260615T180449.902+0200 0289     FROM 'lib://FCC RR RootPath/2.QVD/L1\L1_QVD_T_ClusterMEITemp_2023.qvd' (qvd)
  20260615T180449.916+0200      Error: Field 'CNAE' not found
  20260615T180449.916+0200      Execution Failed
  20260615T180449.941+0200      Execution finished.
